no change     /scratch/bjoshi/miniconda3/condabin/conda
no change     /scratch/bjoshi/miniconda3/bin/conda
no change     /scratch/bjoshi/miniconda3/bin/conda-env
no change     /scratch/bjoshi/miniconda3/bin/activate
no change     /scratch/bjoshi/miniconda3/bin/deactivate
no change     /scratch/bjoshi/miniconda3/etc/profile.d/conda.sh
no change     /scratch/bjoshi/miniconda3/etc/fish/conf.d/conda.fish
no change     /scratch/bjoshi/miniconda3/shell/condabin/Conda.psm1
no change     /scratch/bjoshi/miniconda3/shell/condabin/conda-hook.ps1
no change     /scratch/bjoshi/miniconda3/lib/python3.13/site-packages/xontrib/conda.xsh
no change     /scratch/bjoshi/miniconda3/etc/profile.d/conda.csh
no change     /nethome/bjoshi/.bashrc
No action taken.
Loading datasets...

--- Training 80 Shadow Models ---
Shadow training: 7000 In, 7000 Out
Shadow Model 1/80, Epoch 1/10, Loss: 0.0170, Correct: 4246, Accuracy: 0.6066
Shadow Model 1/80, Epoch 2/10, Loss: 0.0125, Correct: 5005, Accuracy: 0.7150
Shadow Model 1/80, Epoch 3/10, Loss: 0.0098, Correct: 5418, Accuracy: 0.7740
Shadow Model 1/80, Epoch 4/10, Loss: 0.0084, Correct: 5675, Accuracy: 0.8107
Shadow Model 1/80, Epoch 5/10, Loss: 0.0080, Correct: 5744, Accuracy: 0.8206
Shadow Model 1/80, Epoch 6/10, Loss: 0.0070, Correct: 5901, Accuracy: 0.8430
Shadow Model 1/80, Epoch 7/10, Loss: 0.0058, Correct: 6076, Accuracy: 0.8680
Shadow Model 1/80, Epoch 8/10, Loss: 0.0057, Correct: 6134, Accuracy: 0.8763
Shadow Model 1/80, Epoch 9/10, Loss: 0.0047, Correct: 6284, Accuracy: 0.8977
Shadow Model 1/80, Epoch 10/10, Loss: 0.0041, Correct: 6346, Accuracy: 0.9066
Shadow Model 2/80, Epoch 1/10, Loss: 0.0177, Correct: 4063, Accuracy: 0.5804
Shadow Model 2/80, Epoch 2/10, Loss: 0.0129, Correct: 4861, Accuracy: 0.6944
Shadow Model 2/80, Epoch 3/10, Loss: 0.0109, Correct: 5234, Accuracy: 0.7477
Shadow Model 2/80, Epoch 4/10, Loss: 0.0095, Correct: 5481, Accuracy: 0.7830
Shadow Model 2/80, Epoch 5/10, Loss: 0.0084, Correct: 5707, Accuracy: 0.8153
Shadow Model 2/80, Epoch 6/10, Loss: 0.0071, Correct: 5868, Accuracy: 0.8383
Shadow Model 2/80, Epoch 7/10, Loss: 0.0064, Correct: 5999, Accuracy: 0.8570
Shadow Model 2/80, Epoch 8/10, Loss: 0.0057, Correct: 6100, Accuracy: 0.8714
Shadow Model 2/80, Epoch 9/10, Loss: 0.0048, Correct: 6286, Accuracy: 0.8980
Shadow Model 2/80, Epoch 10/10, Loss: 0.0050, Correct: 6234, Accuracy: 0.8906
Shadow Model 3/80, Epoch 1/10, Loss: 0.0162, Correct: 4371, Accuracy: 0.6244
Shadow Model 3/80, Epoch 2/10, Loss: 0.0120, Correct: 5118, Accuracy: 0.7311
Shadow Model 3/80, Epoch 3/10, Loss: 0.0098, Correct: 5447, Accuracy: 0.7781
Shadow Model 3/80, Epoch 4/10, Loss: 0.0082, Correct: 5713, Accuracy: 0.8161
Shadow Model 3/80, Epoch 5/10, Loss: 0.0072, Correct: 5857, Accuracy: 0.8367
Shadow Model 3/80, Epoch 6/10, Loss: 0.0062, Correct: 6013, Accuracy: 0.8590
Shadow Model 3/80, Epoch 7/10, Loss: 0.0057, Correct: 6081, Accuracy: 0.8687
Shadow Model 3/80, Epoch 8/10, Loss: 0.0058, Correct: 6057, Accuracy: 0.8653
Shadow Model 3/80, Epoch 9/10, Loss: 0.0045, Correct: 6308, Accuracy: 0.9011
Shadow Model 3/80, Epoch 10/10, Loss: 0.0049, Correct: 6243, Accuracy: 0.8919
Shadow Model 4/80, Epoch 1/10, Loss: 0.0175, Correct: 4125, Accuracy: 0.5893
Shadow Model 4/80, Epoch 2/10, Loss: 0.0128, Correct: 4940, Accuracy: 0.7057
Shadow Model 4/80, Epoch 3/10, Loss: 0.0107, Correct: 5297, Accuracy: 0.7567
Shadow Model 4/80, Epoch 4/10, Loss: 0.0091, Correct: 5561, Accuracy: 0.7944
Shadow Model 4/80, Epoch 5/10, Loss: 0.0083, Correct: 5686, Accuracy: 0.8123
Shadow Model 4/80, Epoch 6/10, Loss: 0.0072, Correct: 5894, Accuracy: 0.8420
Shadow Model 4/80, Epoch 7/10, Loss: 0.0062, Correct: 6069, Accuracy: 0.8670
Shadow Model 4/80, Epoch 8/10, Loss: 0.0059, Correct: 6108, Accuracy: 0.8726
Shadow Model 4/80, Epoch 9/10, Loss: 0.0053, Correct: 6192, Accuracy: 0.8846
Shadow Model 4/80, Epoch 10/10, Loss: 0.0044, Correct: 6289, Accuracy: 0.8984
Shadow Model 5/80, Epoch 1/10, Loss: 0.0174, Correct: 4197, Accuracy: 0.5996
Shadow Model 5/80, Epoch 2/10, Loss: 0.0128, Correct: 4977, Accuracy: 0.7110
Shadow Model 5/80, Epoch 3/10, Loss: 0.0103, Correct: 5372, Accuracy: 0.7674
Shadow Model 5/80, Epoch 4/10, Loss: 0.0093, Correct: 5552, Accuracy: 0.7931
Shadow Model 5/80, Epoch 5/10, Loss: 0.0078, Correct: 5788, Accuracy: 0.8269
Shadow Model 5/80, Epoch 6/10, Loss: 0.0067, Correct: 5959, Accuracy: 0.8513
Shadow Model 5/80, Epoch 7/10, Loss: 0.0063, Correct: 6070, Accuracy: 0.8671
Shadow Model 5/80, Epoch 8/10, Loss: 0.0058, Correct: 6089, Accuracy: 0.8699
Shadow Model 5/80, Epoch 9/10, Loss: 0.0052, Correct: 6174, Accuracy: 0.8820
Shadow Model 5/80, Epoch 10/10, Loss: 0.0052, Correct: 6167, Accuracy: 0.8810
Shadow Model 6/80, Epoch 1/10, Loss: 0.0171, Correct: 4232, Accuracy: 0.6046
Shadow Model 6/80, Epoch 2/10, Loss: 0.0127, Correct: 4993, Accuracy: 0.7133
Shadow Model 6/80, Epoch 3/10, Loss: 0.0104, Correct: 5333, Accuracy: 0.7619
Shadow Model 6/80, Epoch 4/10, Loss: 0.0093, Correct: 5547, Accuracy: 0.7924
Shadow Model 6/80, Epoch 5/10, Loss: 0.0080, Correct: 5748, Accuracy: 0.8211
Shadow Model 6/80, Epoch 6/10, Loss: 0.0075, Correct: 5848, Accuracy: 0.8354
Shadow Model 6/80, Epoch 7/10, Loss: 0.0061, Correct: 6019, Accuracy: 0.8599
Shadow Model 6/80, Epoch 8/10, Loss: 0.0056, Correct: 6111, Accuracy: 0.8730
Shadow Model 6/80, Epoch 9/10, Loss: 0.0052, Correct: 6201, Accuracy: 0.8859
Shadow Model 6/80, Epoch 10/10, Loss: 0.0044, Correct: 6305, Accuracy: 0.9007
Shadow Model 7/80, Epoch 1/10, Loss: 0.0162, Correct: 4324, Accuracy: 0.6177
Shadow Model 7/80, Epoch 2/10, Loss: 0.0121, Correct: 5037, Accuracy: 0.7196
Shadow Model 7/80, Epoch 3/10, Loss: 0.0106, Correct: 5290, Accuracy: 0.7557
Shadow Model 7/80, Epoch 4/10, Loss: 0.0090, Correct: 5598, Accuracy: 0.7997
Shadow Model 7/80, Epoch 5/10, Loss: 0.0079, Correct: 5760, Accuracy: 0.8229
Shadow Model 7/80, Epoch 6/10, Loss: 0.0069, Correct: 5894, Accuracy: 0.8420
Shadow Model 7/80, Epoch 7/10, Loss: 0.0062, Correct: 6031, Accuracy: 0.8616
Shadow Model 7/80, Epoch 8/10, Loss: 0.0057, Correct: 6082, Accuracy: 0.8689
Shadow Model 7/80, Epoch 9/10, Loss: 0.0048, Correct: 6237, Accuracy: 0.8910
Shadow Model 7/80, Epoch 10/10, Loss: 0.0040, Correct: 6401, Accuracy: 0.9144
Shadow Model 8/80, Epoch 1/10, Loss: 0.0171, Correct: 4257, Accuracy: 0.6081
Shadow Model 8/80, Epoch 2/10, Loss: 0.0125, Correct: 5040, Accuracy: 0.7200
Shadow Model 8/80, Epoch 3/10, Loss: 0.0109, Correct: 5314, Accuracy: 0.7591
Shadow Model 8/80, Epoch 4/10, Loss: 0.0091, Correct: 5567, Accuracy: 0.7953
Shadow Model 8/80, Epoch 5/10, Loss: 0.0080, Correct: 5764, Accuracy: 0.8234
Shadow Model 8/80, Epoch 6/10, Loss: 0.0076, Correct: 5760, Accuracy: 0.8229
Shadow Model 8/80, Epoch 7/10, Loss: 0.0068, Correct: 5945, Accuracy: 0.8493
Shadow Model 8/80, Epoch 8/10, Loss: 0.0060, Correct: 6053, Accuracy: 0.8647
Shadow Model 8/80, Epoch 9/10, Loss: 0.0060, Correct: 6084, Accuracy: 0.8691
Shadow Model 8/80, Epoch 10/10, Loss: 0.0055, Correct: 6139, Accuracy: 0.8770
Shadow Model 9/80, Epoch 1/10, Loss: 0.0177, Correct: 4162, Accuracy: 0.5946
Shadow Model 9/80, Epoch 2/10, Loss: 0.0127, Correct: 5007, Accuracy: 0.7153
Shadow Model 9/80, Epoch 3/10, Loss: 0.0106, Correct: 5330, Accuracy: 0.7614
Shadow Model 9/80, Epoch 4/10, Loss: 0.0092, Correct: 5549, Accuracy: 0.7927
Shadow Model 9/80, Epoch 5/10, Loss: 0.0078, Correct: 5781, Accuracy: 0.8259
Shadow Model 9/80, Epoch 6/10, Loss: 0.0073, Correct: 5824, Accuracy: 0.8320
Shadow Model 9/80, Epoch 7/10, Loss: 0.0069, Correct: 5922, Accuracy: 0.8460
Shadow Model 9/80, Epoch 8/10, Loss: 0.0062, Correct: 5988, Accuracy: 0.8554
Shadow Model 9/80, Epoch 9/10, Loss: 0.0055, Correct: 6144, Accuracy: 0.8777
Shadow Model 9/80, Epoch 10/10, Loss: 0.0047, Correct: 6234, Accuracy: 0.8906
Shadow Model 10/80, Epoch 1/10, Loss: 0.0176, Correct: 4161, Accuracy: 0.5944
Shadow Model 10/80, Epoch 2/10, Loss: 0.0127, Correct: 4988, Accuracy: 0.7126
Shadow Model 10/80, Epoch 3/10, Loss: 0.0113, Correct: 5217, Accuracy: 0.7453
Shadow Model 10/80, Epoch 4/10, Loss: 0.0096, Correct: 5454, Accuracy: 0.7791
Shadow Model 10/80, Epoch 5/10, Loss: 0.0083, Correct: 5669, Accuracy: 0.8099
Shadow Model 10/80, Epoch 6/10, Loss: 0.0075, Correct: 5819, Accuracy: 0.8313
Shadow Model 10/80, Epoch 7/10, Loss: 0.0071, Correct: 5916, Accuracy: 0.8451
Shadow Model 10/80, Epoch 8/10, Loss: 0.0062, Correct: 6025, Accuracy: 0.8607
Shadow Model 10/80, Epoch 9/10, Loss: 0.0053, Correct: 6177, Accuracy: 0.8824
Shadow Model 10/80, Epoch 10/10, Loss: 0.0051, Correct: 6174, Accuracy: 0.8820
Shadow Model 11/80, Epoch 1/10, Loss: 0.0176, Correct: 4151, Accuracy: 0.5930
Shadow Model 11/80, Epoch 2/10, Loss: 0.0131, Correct: 4956, Accuracy: 0.7080
Shadow Model 11/80, Epoch 3/10, Loss: 0.0110, Correct: 5268, Accuracy: 0.7526
Shadow Model 11/80, Epoch 4/10, Loss: 0.0092, Correct: 5543, Accuracy: 0.7919
Shadow Model 11/80, Epoch 5/10, Loss: 0.0088, Correct: 5641, Accuracy: 0.8059
Shadow Model 11/80, Epoch 6/10, Loss: 0.0083, Correct: 5695, Accuracy: 0.8136
Shadow Model 11/80, Epoch 7/10, Loss: 0.0069, Correct: 5884, Accuracy: 0.8406
Shadow Model 11/80, Epoch 8/10, Loss: 0.0060, Correct: 6051, Accuracy: 0.8644
Shadow Model 11/80, Epoch 9/10, Loss: 0.0058, Correct: 6074, Accuracy: 0.8677
Shadow Model 11/80, Epoch 10/10, Loss: 0.0048, Correct: 6252, Accuracy: 0.8931
Shadow Model 12/80, Epoch 1/10, Loss: 0.0175, Correct: 4180, Accuracy: 0.5971
Shadow Model 12/80, Epoch 2/10, Loss: 0.0126, Correct: 4993, Accuracy: 0.7133
Shadow Model 12/80, Epoch 3/10, Loss: 0.0105, Correct: 5337, Accuracy: 0.7624
Shadow Model 12/80, Epoch 4/10, Loss: 0.0092, Correct: 5594, Accuracy: 0.7991
Shadow Model 12/80, Epoch 5/10, Loss: 0.0081, Correct: 5747, Accuracy: 0.8210
Shadow Model 12/80, Epoch 6/10, Loss: 0.0068, Correct: 5916, Accuracy: 0.8451
Shadow Model 12/80, Epoch 7/10, Loss: 0.0063, Correct: 5999, Accuracy: 0.8570
Shadow Model 12/80, Epoch 8/10, Loss: 0.0053, Correct: 6181, Accuracy: 0.8830
Shadow Model 12/80, Epoch 9/10, Loss: 0.0044, Correct: 6304, Accuracy: 0.9006
Shadow Model 12/80, Epoch 10/10, Loss: 0.0039, Correct: 6391, Accuracy: 0.9130
Shadow Model 13/80, Epoch 1/10, Loss: 0.0172, Correct: 4158, Accuracy: 0.5940
Shadow Model 13/80, Epoch 2/10, Loss: 0.0124, Correct: 5011, Accuracy: 0.7159
Shadow Model 13/80, Epoch 3/10, Loss: 0.0107, Correct: 5289, Accuracy: 0.7556
Shadow Model 13/80, Epoch 4/10, Loss: 0.0090, Correct: 5560, Accuracy: 0.7943
Shadow Model 13/80, Epoch 5/10, Loss: 0.0080, Correct: 5735, Accuracy: 0.8193
Shadow Model 13/80, Epoch 6/10, Loss: 0.0072, Correct: 5829, Accuracy: 0.8327
Shadow Model 13/80, Epoch 7/10, Loss: 0.0069, Correct: 5888, Accuracy: 0.8411
Shadow Model 13/80, Epoch 8/10, Loss: 0.0062, Correct: 6024, Accuracy: 0.8606
Shadow Model 13/80, Epoch 9/10, Loss: 0.0053, Correct: 6139, Accuracy: 0.8770
Shadow Model 13/80, Epoch 10/10, Loss: 0.0045, Correct: 6291, Accuracy: 0.8987
Shadow Model 14/80, Epoch 1/10, Loss: 0.0166, Correct: 4258, Accuracy: 0.6083
Shadow Model 14/80, Epoch 2/10, Loss: 0.0119, Correct: 5135, Accuracy: 0.7336
Shadow Model 14/80, Epoch 3/10, Loss: 0.0103, Correct: 5381, Accuracy: 0.7687
Shadow Model 14/80, Epoch 4/10, Loss: 0.0090, Correct: 5604, Accuracy: 0.8006
Shadow Model 14/80, Epoch 5/10, Loss: 0.0078, Correct: 5798, Accuracy: 0.8283
Shadow Model 14/80, Epoch 6/10, Loss: 0.0069, Correct: 5918, Accuracy: 0.8454
Shadow Model 14/80, Epoch 7/10, Loss: 0.0064, Correct: 6020, Accuracy: 0.8600
Shadow Model 14/80, Epoch 8/10, Loss: 0.0056, Correct: 6158, Accuracy: 0.8797
Shadow Model 14/80, Epoch 9/10, Loss: 0.0053, Correct: 6197, Accuracy: 0.8853
Shadow Model 14/80, Epoch 10/10, Loss: 0.0042, Correct: 6339, Accuracy: 0.9056
Shadow Model 15/80, Epoch 1/10, Loss: 0.0172, Correct: 4174, Accuracy: 0.5963
Shadow Model 15/80, Epoch 2/10, Loss: 0.0128, Correct: 4959, Accuracy: 0.7084
Shadow Model 15/80, Epoch 3/10, Loss: 0.0109, Correct: 5262, Accuracy: 0.7517
Shadow Model 15/80, Epoch 4/10, Loss: 0.0093, Correct: 5539, Accuracy: 0.7913
Shadow Model 15/80, Epoch 5/10, Loss: 0.0084, Correct: 5671, Accuracy: 0.8101
Shadow Model 15/80, Epoch 6/10, Loss: 0.0073, Correct: 5856, Accuracy: 0.8366
Shadow Model 15/80, Epoch 7/10, Loss: 0.0065, Correct: 5973, Accuracy: 0.8533
Shadow Model 15/80, Epoch 8/10, Loss: 0.0061, Correct: 6045, Accuracy: 0.8636
Shadow Model 15/80, Epoch 9/10, Loss: 0.0054, Correct: 6173, Accuracy: 0.8819
Shadow Model 15/80, Epoch 10/10, Loss: 0.0048, Correct: 6244, Accuracy: 0.8920
Shadow Model 16/80, Epoch 1/10, Loss: 0.0173, Correct: 4229, Accuracy: 0.6041
Shadow Model 16/80, Epoch 2/10, Loss: 0.0127, Correct: 4873, Accuracy: 0.6961
Shadow Model 16/80, Epoch 3/10, Loss: 0.0107, Correct: 5265, Accuracy: 0.7521
Shadow Model 16/80, Epoch 4/10, Loss: 0.0090, Correct: 5561, Accuracy: 0.7944
Shadow Model 16/80, Epoch 5/10, Loss: 0.0078, Correct: 5797, Accuracy: 0.8281
Shadow Model 16/80, Epoch 6/10, Loss: 0.0068, Correct: 5950, Accuracy: 0.8500
Shadow Model 16/80, Epoch 7/10, Loss: 0.0063, Correct: 6004, Accuracy: 0.8577
Shadow Model 16/80, Epoch 8/10, Loss: 0.0058, Correct: 6125, Accuracy: 0.8750
Shadow Model 16/80, Epoch 9/10, Loss: 0.0052, Correct: 6194, Accuracy: 0.8849
Shadow Model 16/80, Epoch 10/10, Loss: 0.0043, Correct: 6325, Accuracy: 0.9036
Shadow Model 17/80, Epoch 1/10, Loss: 0.0174, Correct: 4136, Accuracy: 0.5909
Shadow Model 17/80, Epoch 2/10, Loss: 0.0130, Correct: 4873, Accuracy: 0.6961
Shadow Model 17/80, Epoch 3/10, Loss: 0.0109, Correct: 5319, Accuracy: 0.7599
Shadow Model 17/80, Epoch 4/10, Loss: 0.0086, Correct: 5618, Accuracy: 0.8026
Shadow Model 17/80, Epoch 5/10, Loss: 0.0081, Correct: 5697, Accuracy: 0.8139
Shadow Model 17/80, Epoch 6/10, Loss: 0.0069, Correct: 5884, Accuracy: 0.8406
Shadow Model 17/80, Epoch 7/10, Loss: 0.0062, Correct: 5993, Accuracy: 0.8561
Shadow Model 17/80, Epoch 8/10, Loss: 0.0055, Correct: 6141, Accuracy: 0.8773
Shadow Model 17/80, Epoch 9/10, Loss: 0.0050, Correct: 6225, Accuracy: 0.8893
Shadow Model 17/80, Epoch 10/10, Loss: 0.0045, Correct: 6308, Accuracy: 0.9011
Shadow Model 18/80, Epoch 1/10, Loss: 0.0166, Correct: 4437, Accuracy: 0.6339
Shadow Model 18/80, Epoch 2/10, Loss: 0.0121, Correct: 5084, Accuracy: 0.7263
Shadow Model 18/80, Epoch 3/10, Loss: 0.0098, Correct: 5451, Accuracy: 0.7787
Shadow Model 18/80, Epoch 4/10, Loss: 0.0086, Correct: 5644, Accuracy: 0.8063
Shadow Model 18/80, Epoch 5/10, Loss: 0.0078, Correct: 5756, Accuracy: 0.8223
Shadow Model 18/80, Epoch 6/10, Loss: 0.0069, Correct: 5870, Accuracy: 0.8386
Shadow Model 18/80, Epoch 7/10, Loss: 0.0060, Correct: 6075, Accuracy: 0.8679
Shadow Model 18/80, Epoch 8/10, Loss: 0.0055, Correct: 6096, Accuracy: 0.8709
Shadow Model 18/80, Epoch 9/10, Loss: 0.0055, Correct: 6122, Accuracy: 0.8746
Shadow Model 18/80, Epoch 10/10, Loss: 0.0042, Correct: 6327, Accuracy: 0.9039
Shadow Model 19/80, Epoch 1/10, Loss: 0.0175, Correct: 4196, Accuracy: 0.5994
Shadow Model 19/80, Epoch 2/10, Loss: 0.0129, Correct: 4858, Accuracy: 0.6940
Shadow Model 19/80, Epoch 3/10, Loss: 0.0107, Correct: 5299, Accuracy: 0.7570
Shadow Model 19/80, Epoch 4/10, Loss: 0.0096, Correct: 5507, Accuracy: 0.7867
Shadow Model 19/80, Epoch 5/10, Loss: 0.0085, Correct: 5633, Accuracy: 0.8047
Shadow Model 19/80, Epoch 6/10, Loss: 0.0074, Correct: 5854, Accuracy: 0.8363
Shadow Model 19/80, Epoch 7/10, Loss: 0.0065, Correct: 5974, Accuracy: 0.8534
Shadow Model 19/80, Epoch 8/10, Loss: 0.0055, Correct: 6118, Accuracy: 0.8740
Shadow Model 19/80, Epoch 9/10, Loss: 0.0054, Correct: 6138, Accuracy: 0.8769
Shadow Model 19/80, Epoch 10/10, Loss: 0.0049, Correct: 6231, Accuracy: 0.8901
Shadow Model 20/80, Epoch 1/10, Loss: 0.0172, Correct: 4173, Accuracy: 0.5961
Shadow Model 20/80, Epoch 2/10, Loss: 0.0118, Correct: 5122, Accuracy: 0.7317
Shadow Model 20/80, Epoch 3/10, Loss: 0.0101, Correct: 5413, Accuracy: 0.7733
Shadow Model 20/80, Epoch 4/10, Loss: 0.0084, Correct: 5664, Accuracy: 0.8091
Shadow Model 20/80, Epoch 5/10, Loss: 0.0076, Correct: 5790, Accuracy: 0.8271
Shadow Model 20/80, Epoch 6/10, Loss: 0.0072, Correct: 5889, Accuracy: 0.8413
Shadow Model 20/80, Epoch 7/10, Loss: 0.0064, Correct: 5968, Accuracy: 0.8526
Shadow Model 20/80, Epoch 8/10, Loss: 0.0058, Correct: 6069, Accuracy: 0.8670
Shadow Model 20/80, Epoch 9/10, Loss: 0.0052, Correct: 6199, Accuracy: 0.8856
Shadow Model 20/80, Epoch 10/10, Loss: 0.0043, Correct: 6299, Accuracy: 0.8999
Shadow Model 21/80, Epoch 1/10, Loss: 0.0171, Correct: 4187, Accuracy: 0.5981
Shadow Model 21/80, Epoch 2/10, Loss: 0.0117, Correct: 5095, Accuracy: 0.7279
Shadow Model 21/80, Epoch 3/10, Loss: 0.0109, Correct: 5312, Accuracy: 0.7589
Shadow Model 21/80, Epoch 4/10, Loss: 0.0088, Correct: 5632, Accuracy: 0.8046
Shadow Model 21/80, Epoch 5/10, Loss: 0.0078, Correct: 5775, Accuracy: 0.8250
Shadow Model 21/80, Epoch 6/10, Loss: 0.0073, Correct: 5856, Accuracy: 0.8366
Shadow Model 21/80, Epoch 7/10, Loss: 0.0061, Correct: 6048, Accuracy: 0.8640
Shadow Model 21/80, Epoch 8/10, Loss: 0.0056, Correct: 6118, Accuracy: 0.8740
Shadow Model 21/80, Epoch 9/10, Loss: 0.0048, Correct: 6261, Accuracy: 0.8944
Shadow Model 21/80, Epoch 10/10, Loss: 0.0039, Correct: 6399, Accuracy: 0.9141
Shadow Model 22/80, Epoch 1/10, Loss: 0.0172, Correct: 4165, Accuracy: 0.5950
Shadow Model 22/80, Epoch 2/10, Loss: 0.0126, Correct: 4951, Accuracy: 0.7073
Shadow Model 22/80, Epoch 3/10, Loss: 0.0105, Correct: 5336, Accuracy: 0.7623
Shadow Model 22/80, Epoch 4/10, Loss: 0.0095, Correct: 5455, Accuracy: 0.7793
Shadow Model 22/80, Epoch 5/10, Loss: 0.0083, Correct: 5736, Accuracy: 0.8194
Shadow Model 22/80, Epoch 6/10, Loss: 0.0070, Correct: 5892, Accuracy: 0.8417
Shadow Model 22/80, Epoch 7/10, Loss: 0.0063, Correct: 5976, Accuracy: 0.8537
Shadow Model 22/80, Epoch 8/10, Loss: 0.0058, Correct: 6100, Accuracy: 0.8714
Shadow Model 22/80, Epoch 9/10, Loss: 0.0050, Correct: 6214, Accuracy: 0.8877
Shadow Model 22/80, Epoch 10/10, Loss: 0.0045, Correct: 6277, Accuracy: 0.8967
Shadow Model 23/80, Epoch 1/10, Loss: 0.0182, Correct: 4038, Accuracy: 0.5769
Shadow Model 23/80, Epoch 2/10, Loss: 0.0124, Correct: 5025, Accuracy: 0.7179
Shadow Model 23/80, Epoch 3/10, Loss: 0.0106, Correct: 5314, Accuracy: 0.7591
Shadow Model 23/80, Epoch 4/10, Loss: 0.0090, Correct: 5616, Accuracy: 0.8023
Shadow Model 23/80, Epoch 5/10, Loss: 0.0079, Correct: 5748, Accuracy: 0.8211
Shadow Model 23/80, Epoch 6/10, Loss: 0.0070, Correct: 5890, Accuracy: 0.8414
Shadow Model 23/80, Epoch 7/10, Loss: 0.0061, Correct: 6036, Accuracy: 0.8623
Shadow Model 23/80, Epoch 8/10, Loss: 0.0059, Correct: 6076, Accuracy: 0.8680
Shadow Model 23/80, Epoch 9/10, Loss: 0.0050, Correct: 6197, Accuracy: 0.8853
Shadow Model 23/80, Epoch 10/10, Loss: 0.0038, Correct: 6416, Accuracy: 0.9166
Shadow Model 24/80, Epoch 1/10, Loss: 0.0174, Correct: 4186, Accuracy: 0.5980
Shadow Model 24/80, Epoch 2/10, Loss: 0.0126, Correct: 5000, Accuracy: 0.7143
Shadow Model 24/80, Epoch 3/10, Loss: 0.0105, Correct: 5381, Accuracy: 0.7687
Shadow Model 24/80, Epoch 4/10, Loss: 0.0090, Correct: 5605, Accuracy: 0.8007
Shadow Model 24/80, Epoch 5/10, Loss: 0.0078, Correct: 5815, Accuracy: 0.8307
Shadow Model 24/80, Epoch 6/10, Loss: 0.0067, Correct: 5956, Accuracy: 0.8509
Shadow Model 24/80, Epoch 7/10, Loss: 0.0060, Correct: 6075, Accuracy: 0.8679
Shadow Model 24/80, Epoch 8/10, Loss: 0.0058, Correct: 6083, Accuracy: 0.8690
Shadow Model 24/80, Epoch 9/10, Loss: 0.0047, Correct: 6263, Accuracy: 0.8947
Shadow Model 24/80, Epoch 10/10, Loss: 0.0043, Correct: 6321, Accuracy: 0.9030
Shadow Model 25/80, Epoch 1/10, Loss: 0.0171, Correct: 4223, Accuracy: 0.6033
Shadow Model 25/80, Epoch 2/10, Loss: 0.0125, Correct: 4972, Accuracy: 0.7103
Shadow Model 25/80, Epoch 3/10, Loss: 0.0105, Correct: 5334, Accuracy: 0.7620
Shadow Model 25/80, Epoch 4/10, Loss: 0.0089, Correct: 5598, Accuracy: 0.7997
Shadow Model 25/80, Epoch 5/10, Loss: 0.0080, Correct: 5732, Accuracy: 0.8189
Shadow Model 25/80, Epoch 6/10, Loss: 0.0075, Correct: 5824, Accuracy: 0.8320
Shadow Model 25/80, Epoch 7/10, Loss: 0.0062, Correct: 6022, Accuracy: 0.8603
Shadow Model 25/80, Epoch 8/10, Loss: 0.0056, Correct: 6078, Accuracy: 0.8683
Shadow Model 25/80, Epoch 9/10, Loss: 0.0051, Correct: 6210, Accuracy: 0.8871
Shadow Model 25/80, Epoch 10/10, Loss: 0.0041, Correct: 6361, Accuracy: 0.9087
Shadow Model 26/80, Epoch 1/10, Loss: 0.0175, Correct: 4093, Accuracy: 0.5847
Shadow Model 26/80, Epoch 2/10, Loss: 0.0128, Correct: 4940, Accuracy: 0.7057
Shadow Model 26/80, Epoch 3/10, Loss: 0.0106, Correct: 5280, Accuracy: 0.7543
Shadow Model 26/80, Epoch 4/10, Loss: 0.0097, Correct: 5449, Accuracy: 0.7784
Shadow Model 26/80, Epoch 5/10, Loss: 0.0086, Correct: 5634, Accuracy: 0.8049
Shadow Model 26/80, Epoch 6/10, Loss: 0.0074, Correct: 5833, Accuracy: 0.8333
Shadow Model 26/80, Epoch 7/10, Loss: 0.0069, Correct: 5952, Accuracy: 0.8503
Shadow Model 26/80, Epoch 8/10, Loss: 0.0064, Correct: 5978, Accuracy: 0.8540
Shadow Model 26/80, Epoch 9/10, Loss: 0.0059, Correct: 6054, Accuracy: 0.8649
Shadow Model 26/80, Epoch 10/10, Loss: 0.0047, Correct: 6263, Accuracy: 0.8947
Shadow Model 27/80, Epoch 1/10, Loss: 0.0166, Correct: 4305, Accuracy: 0.6150
Shadow Model 27/80, Epoch 2/10, Loss: 0.0121, Correct: 5058, Accuracy: 0.7226
Shadow Model 27/80, Epoch 3/10, Loss: 0.0101, Correct: 5373, Accuracy: 0.7676
Shadow Model 27/80, Epoch 4/10, Loss: 0.0085, Correct: 5639, Accuracy: 0.8056
Shadow Model 27/80, Epoch 5/10, Loss: 0.0077, Correct: 5815, Accuracy: 0.8307
Shadow Model 27/80, Epoch 6/10, Loss: 0.0065, Correct: 5967, Accuracy: 0.8524
Shadow Model 27/80, Epoch 7/10, Loss: 0.0059, Correct: 6097, Accuracy: 0.8710
Shadow Model 27/80, Epoch 8/10, Loss: 0.0052, Correct: 6155, Accuracy: 0.8793
Shadow Model 27/80, Epoch 9/10, Loss: 0.0047, Correct: 6288, Accuracy: 0.8983
Shadow Model 27/80, Epoch 10/10, Loss: 0.0041, Correct: 6347, Accuracy: 0.9067
Shadow Model 28/80, Epoch 1/10, Loss: 0.0174, Correct: 4278, Accuracy: 0.6111
Shadow Model 28/80, Epoch 2/10, Loss: 0.0122, Correct: 5002, Accuracy: 0.7146
Shadow Model 28/80, Epoch 3/10, Loss: 0.0102, Correct: 5373, Accuracy: 0.7676
Shadow Model 28/80, Epoch 4/10, Loss: 0.0086, Correct: 5680, Accuracy: 0.8114
Shadow Model 28/80, Epoch 5/10, Loss: 0.0077, Correct: 5768, Accuracy: 0.8240
Shadow Model 28/80, Epoch 6/10, Loss: 0.0066, Correct: 5962, Accuracy: 0.8517
Shadow Model 28/80, Epoch 7/10, Loss: 0.0058, Correct: 6100, Accuracy: 0.8714
Shadow Model 28/80, Epoch 8/10, Loss: 0.0052, Correct: 6198, Accuracy: 0.8854
Shadow Model 28/80, Epoch 9/10, Loss: 0.0046, Correct: 6244, Accuracy: 0.8920
Shadow Model 28/80, Epoch 10/10, Loss: 0.0040, Correct: 6356, Accuracy: 0.9080
Shadow Model 29/80, Epoch 1/10, Loss: 0.0172, Correct: 4317, Accuracy: 0.6167
Shadow Model 29/80, Epoch 2/10, Loss: 0.0122, Correct: 5069, Accuracy: 0.7241
Shadow Model 29/80, Epoch 3/10, Loss: 0.0103, Correct: 5365, Accuracy: 0.7664
Shadow Model 29/80, Epoch 4/10, Loss: 0.0088, Correct: 5626, Accuracy: 0.8037
Shadow Model 29/80, Epoch 5/10, Loss: 0.0081, Correct: 5771, Accuracy: 0.8244
Shadow Model 29/80, Epoch 6/10, Loss: 0.0066, Correct: 5971, Accuracy: 0.8530
Shadow Model 29/80, Epoch 7/10, Loss: 0.0058, Correct: 6111, Accuracy: 0.8730
Shadow Model 29/80, Epoch 8/10, Loss: 0.0052, Correct: 6156, Accuracy: 0.8794
Shadow Model 29/80, Epoch 9/10, Loss: 0.0048, Correct: 6256, Accuracy: 0.8937
Shadow Model 29/80, Epoch 10/10, Loss: 0.0045, Correct: 6270, Accuracy: 0.8957
Shadow Model 30/80, Epoch 1/10, Loss: 0.0173, Correct: 4200, Accuracy: 0.6000
Shadow Model 30/80, Epoch 2/10, Loss: 0.0127, Correct: 4949, Accuracy: 0.7070
Shadow Model 30/80, Epoch 3/10, Loss: 0.0103, Correct: 5345, Accuracy: 0.7636
Shadow Model 30/80, Epoch 4/10, Loss: 0.0088, Correct: 5601, Accuracy: 0.8001
Shadow Model 30/80, Epoch 5/10, Loss: 0.0075, Correct: 5784, Accuracy: 0.8263
Shadow Model 30/80, Epoch 6/10, Loss: 0.0065, Correct: 5954, Accuracy: 0.8506
Shadow Model 30/80, Epoch 7/10, Loss: 0.0060, Correct: 6040, Accuracy: 0.8629
Shadow Model 30/80, Epoch 8/10, Loss: 0.0058, Correct: 6084, Accuracy: 0.8691
Shadow Model 30/80, Epoch 9/10, Loss: 0.0052, Correct: 6156, Accuracy: 0.8794
Shadow Model 30/80, Epoch 10/10, Loss: 0.0040, Correct: 6353, Accuracy: 0.9076
Shadow Model 31/80, Epoch 1/10, Loss: 0.0180, Correct: 4084, Accuracy: 0.5834
Shadow Model 31/80, Epoch 2/10, Loss: 0.0136, Correct: 4746, Accuracy: 0.6780
Shadow Model 31/80, Epoch 3/10, Loss: 0.0115, Correct: 5196, Accuracy: 0.7423
Shadow Model 31/80, Epoch 4/10, Loss: 0.0101, Correct: 5403, Accuracy: 0.7719
Shadow Model 31/80, Epoch 5/10, Loss: 0.0083, Correct: 5695, Accuracy: 0.8136
Shadow Model 31/80, Epoch 6/10, Loss: 0.0074, Correct: 5805, Accuracy: 0.8293
Shadow Model 31/80, Epoch 7/10, Loss: 0.0068, Correct: 5917, Accuracy: 0.8453
Shadow Model 31/80, Epoch 8/10, Loss: 0.0061, Correct: 6041, Accuracy: 0.8630
Shadow Model 31/80, Epoch 9/10, Loss: 0.0056, Correct: 6122, Accuracy: 0.8746
Shadow Model 31/80, Epoch 10/10, Loss: 0.0046, Correct: 6255, Accuracy: 0.8936
Shadow Model 32/80, Epoch 1/10, Loss: 0.0175, Correct: 4093, Accuracy: 0.5847
Shadow Model 32/80, Epoch 2/10, Loss: 0.0132, Correct: 4900, Accuracy: 0.7000
Shadow Model 32/80, Epoch 3/10, Loss: 0.0109, Correct: 5229, Accuracy: 0.7470
Shadow Model 32/80, Epoch 4/10, Loss: 0.0095, Correct: 5519, Accuracy: 0.7884
Shadow Model 32/80, Epoch 5/10, Loss: 0.0082, Correct: 5712, Accuracy: 0.8160
Shadow Model 32/80, Epoch 6/10, Loss: 0.0075, Correct: 5821, Accuracy: 0.8316
Shadow Model 32/80, Epoch 7/10, Loss: 0.0067, Correct: 5937, Accuracy: 0.8481
Shadow Model 32/80, Epoch 8/10, Loss: 0.0057, Correct: 6086, Accuracy: 0.8694
Shadow Model 32/80, Epoch 9/10, Loss: 0.0055, Correct: 6134, Accuracy: 0.8763
Shadow Model 32/80, Epoch 10/10, Loss: 0.0048, Correct: 6251, Accuracy: 0.8930
Shadow Model 33/80, Epoch 1/10, Loss: 0.0167, Correct: 4262, Accuracy: 0.6089
Shadow Model 33/80, Epoch 2/10, Loss: 0.0119, Correct: 5123, Accuracy: 0.7319
Shadow Model 33/80, Epoch 3/10, Loss: 0.0096, Correct: 5472, Accuracy: 0.7817
Shadow Model 33/80, Epoch 4/10, Loss: 0.0086, Correct: 5627, Accuracy: 0.8039
Shadow Model 33/80, Epoch 5/10, Loss: 0.0076, Correct: 5818, Accuracy: 0.8311
Shadow Model 33/80, Epoch 6/10, Loss: 0.0070, Correct: 5912, Accuracy: 0.8446
Shadow Model 33/80, Epoch 7/10, Loss: 0.0060, Correct: 6070, Accuracy: 0.8671
Shadow Model 33/80, Epoch 8/10, Loss: 0.0054, Correct: 6163, Accuracy: 0.8804
Shadow Model 33/80, Epoch 9/10, Loss: 0.0053, Correct: 6191, Accuracy: 0.8844
Shadow Model 33/80, Epoch 10/10, Loss: 0.0040, Correct: 6390, Accuracy: 0.9129
Shadow Model 34/80, Epoch 1/10, Loss: 0.0174, Correct: 4149, Accuracy: 0.5927
Shadow Model 34/80, Epoch 2/10, Loss: 0.0128, Correct: 4920, Accuracy: 0.7029
Shadow Model 34/80, Epoch 3/10, Loss: 0.0108, Correct: 5323, Accuracy: 0.7604
Shadow Model 34/80, Epoch 4/10, Loss: 0.0091, Correct: 5537, Accuracy: 0.7910
Shadow Model 34/80, Epoch 5/10, Loss: 0.0083, Correct: 5689, Accuracy: 0.8127
Shadow Model 34/80, Epoch 6/10, Loss: 0.0065, Correct: 5954, Accuracy: 0.8506
Shadow Model 34/80, Epoch 7/10, Loss: 0.0059, Correct: 6067, Accuracy: 0.8667
Shadow Model 34/80, Epoch 8/10, Loss: 0.0052, Correct: 6142, Accuracy: 0.8774
Shadow Model 34/80, Epoch 9/10, Loss: 0.0049, Correct: 6236, Accuracy: 0.8909
Shadow Model 34/80, Epoch 10/10, Loss: 0.0046, Correct: 6296, Accuracy: 0.8994
Shadow Model 35/80, Epoch 1/10, Loss: 0.0180, Correct: 4102, Accuracy: 0.5860
Shadow Model 35/80, Epoch 2/10, Loss: 0.0137, Correct: 4818, Accuracy: 0.6883
Shadow Model 35/80, Epoch 3/10, Loss: 0.0115, Correct: 5170, Accuracy: 0.7386
Shadow Model 35/80, Epoch 4/10, Loss: 0.0096, Correct: 5481, Accuracy: 0.7830
Shadow Model 35/80, Epoch 5/10, Loss: 0.0085, Correct: 5670, Accuracy: 0.8100
Shadow Model 35/80, Epoch 6/10, Loss: 0.0080, Correct: 5750, Accuracy: 0.8214
Shadow Model 35/80, Epoch 7/10, Loss: 0.0070, Correct: 5901, Accuracy: 0.8430
Shadow Model 35/80, Epoch 8/10, Loss: 0.0061, Correct: 6063, Accuracy: 0.8661
Shadow Model 35/80, Epoch 9/10, Loss: 0.0058, Correct: 6097, Accuracy: 0.8710
Shadow Model 35/80, Epoch 10/10, Loss: 0.0056, Correct: 6139, Accuracy: 0.8770
Shadow Model 36/80, Epoch 1/10, Loss: 0.0182, Correct: 4045, Accuracy: 0.5779
Shadow Model 36/80, Epoch 2/10, Loss: 0.0129, Correct: 4931, Accuracy: 0.7044
Shadow Model 36/80, Epoch 3/10, Loss: 0.0103, Correct: 5397, Accuracy: 0.7710
Shadow Model 36/80, Epoch 4/10, Loss: 0.0092, Correct: 5572, Accuracy: 0.7960
Shadow Model 36/80, Epoch 5/10, Loss: 0.0086, Correct: 5612, Accuracy: 0.8017
Shadow Model 36/80, Epoch 6/10, Loss: 0.0069, Correct: 5944, Accuracy: 0.8491
Shadow Model 36/80, Epoch 7/10, Loss: 0.0060, Correct: 6065, Accuracy: 0.8664
Shadow Model 36/80, Epoch 8/10, Loss: 0.0057, Correct: 6124, Accuracy: 0.8749
Shadow Model 36/80, Epoch 9/10, Loss: 0.0050, Correct: 6179, Accuracy: 0.8827
Shadow Model 36/80, Epoch 10/10, Loss: 0.0043, Correct: 6318, Accuracy: 0.9026
Shadow Model 37/80, Epoch 1/10, Loss: 0.0173, Correct: 4177, Accuracy: 0.5967
Shadow Model 37/80, Epoch 2/10, Loss: 0.0122, Correct: 5048, Accuracy: 0.7211
Shadow Model 37/80, Epoch 3/10, Loss: 0.0110, Correct: 5291, Accuracy: 0.7559
Shadow Model 37/80, Epoch 4/10, Loss: 0.0092, Correct: 5585, Accuracy: 0.7979
Shadow Model 37/80, Epoch 5/10, Loss: 0.0081, Correct: 5740, Accuracy: 0.8200
Shadow Model 37/80, Epoch 6/10, Loss: 0.0072, Correct: 5882, Accuracy: 0.8403
Shadow Model 37/80, Epoch 7/10, Loss: 0.0062, Correct: 5985, Accuracy: 0.8550
Shadow Model 37/80, Epoch 8/10, Loss: 0.0056, Correct: 6123, Accuracy: 0.8747
Shadow Model 37/80, Epoch 9/10, Loss: 0.0047, Correct: 6236, Accuracy: 0.8909
Shadow Model 37/80, Epoch 10/10, Loss: 0.0045, Correct: 6266, Accuracy: 0.8951
Shadow Model 38/80, Epoch 1/10, Loss: 0.0169, Correct: 4266, Accuracy: 0.6094
Shadow Model 38/80, Epoch 2/10, Loss: 0.0127, Correct: 4934, Accuracy: 0.7049
Shadow Model 38/80, Epoch 3/10, Loss: 0.0110, Correct: 5285, Accuracy: 0.7550
Shadow Model 38/80, Epoch 4/10, Loss: 0.0096, Correct: 5489, Accuracy: 0.7841
Shadow Model 38/80, Epoch 5/10, Loss: 0.0084, Correct: 5714, Accuracy: 0.8163
Shadow Model 38/80, Epoch 6/10, Loss: 0.0074, Correct: 5845, Accuracy: 0.8350
Shadow Model 38/80, Epoch 7/10, Loss: 0.0064, Correct: 6017, Accuracy: 0.8596
Shadow Model 38/80, Epoch 8/10, Loss: 0.0057, Correct: 6115, Accuracy: 0.8736
Shadow Model 38/80, Epoch 9/10, Loss: 0.0057, Correct: 6096, Accuracy: 0.8709
Shadow Model 38/80, Epoch 10/10, Loss: 0.0049, Correct: 6251, Accuracy: 0.8930
Shadow Model 39/80, Epoch 1/10, Loss: 0.0172, Correct: 4192, Accuracy: 0.5989
Shadow Model 39/80, Epoch 2/10, Loss: 0.0126, Correct: 4887, Accuracy: 0.6981
Shadow Model 39/80, Epoch 3/10, Loss: 0.0106, Correct: 5284, Accuracy: 0.7549
Shadow Model 39/80, Epoch 4/10, Loss: 0.0091, Correct: 5515, Accuracy: 0.7879
Shadow Model 39/80, Epoch 5/10, Loss: 0.0084, Correct: 5672, Accuracy: 0.8103
Shadow Model 39/80, Epoch 6/10, Loss: 0.0074, Correct: 5816, Accuracy: 0.8309
Shadow Model 39/80, Epoch 7/10, Loss: 0.0069, Correct: 5918, Accuracy: 0.8454
Shadow Model 39/80, Epoch 8/10, Loss: 0.0063, Correct: 6027, Accuracy: 0.8610
Shadow Model 39/80, Epoch 9/10, Loss: 0.0050, Correct: 6218, Accuracy: 0.8883
Shadow Model 39/80, Epoch 10/10, Loss: 0.0042, Correct: 6319, Accuracy: 0.9027
Shadow Model 40/80, Epoch 1/10, Loss: 0.0173, Correct: 4190, Accuracy: 0.5986
Shadow Model 40/80, Epoch 2/10, Loss: 0.0124, Correct: 5004, Accuracy: 0.7149
Shadow Model 40/80, Epoch 3/10, Loss: 0.0103, Correct: 5381, Accuracy: 0.7687
Shadow Model 40/80, Epoch 4/10, Loss: 0.0088, Correct: 5650, Accuracy: 0.8071
Shadow Model 40/80, Epoch 5/10, Loss: 0.0080, Correct: 5718, Accuracy: 0.8169
Shadow Model 40/80, Epoch 6/10, Loss: 0.0074, Correct: 5837, Accuracy: 0.8339
Shadow Model 40/80, Epoch 7/10, Loss: 0.0070, Correct: 5893, Accuracy: 0.8419
Shadow Model 40/80, Epoch 8/10, Loss: 0.0060, Correct: 6063, Accuracy: 0.8661
Shadow Model 40/80, Epoch 9/10, Loss: 0.0050, Correct: 6173, Accuracy: 0.8819
Shadow Model 40/80, Epoch 10/10, Loss: 0.0050, Correct: 6242, Accuracy: 0.8917
Shadow Model 41/80, Epoch 1/10, Loss: 0.0169, Correct: 4222, Accuracy: 0.6031
Shadow Model 41/80, Epoch 2/10, Loss: 0.0126, Correct: 4985, Accuracy: 0.7121
Shadow Model 41/80, Epoch 3/10, Loss: 0.0103, Correct: 5315, Accuracy: 0.7593
Shadow Model 41/80, Epoch 4/10, Loss: 0.0094, Correct: 5500, Accuracy: 0.7857
Shadow Model 41/80, Epoch 5/10, Loss: 0.0079, Correct: 5759, Accuracy: 0.8227
Shadow Model 41/80, Epoch 6/10, Loss: 0.0067, Correct: 5961, Accuracy: 0.8516
Shadow Model 41/80, Epoch 7/10, Loss: 0.0059, Correct: 6083, Accuracy: 0.8690
Shadow Model 41/80, Epoch 8/10, Loss: 0.0054, Correct: 6168, Accuracy: 0.8811
Shadow Model 41/80, Epoch 9/10, Loss: 0.0049, Correct: 6220, Accuracy: 0.8886
Shadow Model 41/80, Epoch 10/10, Loss: 0.0038, Correct: 6409, Accuracy: 0.9156
Shadow Model 42/80, Epoch 1/10, Loss: 0.0171, Correct: 4267, Accuracy: 0.6096
Shadow Model 42/80, Epoch 2/10, Loss: 0.0126, Correct: 4972, Accuracy: 0.7103
Shadow Model 42/80, Epoch 3/10, Loss: 0.0109, Correct: 5283, Accuracy: 0.7547
Shadow Model 42/80, Epoch 4/10, Loss: 0.0090, Correct: 5569, Accuracy: 0.7956
Shadow Model 42/80, Epoch 5/10, Loss: 0.0077, Correct: 5785, Accuracy: 0.8264
Shadow Model 42/80, Epoch 6/10, Loss: 0.0073, Correct: 5870, Accuracy: 0.8386
Shadow Model 42/80, Epoch 7/10, Loss: 0.0063, Correct: 6005, Accuracy: 0.8579
Shadow Model 42/80, Epoch 8/10, Loss: 0.0055, Correct: 6134, Accuracy: 0.8763
Shadow Model 42/80, Epoch 9/10, Loss: 0.0051, Correct: 6217, Accuracy: 0.8881
Shadow Model 42/80, Epoch 10/10, Loss: 0.0047, Correct: 6281, Accuracy: 0.8973
Shadow Model 43/80, Epoch 1/10, Loss: 0.0175, Correct: 4165, Accuracy: 0.5950
Shadow Model 43/80, Epoch 2/10, Loss: 0.0131, Correct: 4857, Accuracy: 0.6939
Shadow Model 43/80, Epoch 3/10, Loss: 0.0111, Correct: 5215, Accuracy: 0.7450
Shadow Model 43/80, Epoch 4/10, Loss: 0.0106, Correct: 5378, Accuracy: 0.7683
Shadow Model 43/80, Epoch 5/10, Loss: 0.0089, Correct: 5627, Accuracy: 0.8039
Shadow Model 43/80, Epoch 6/10, Loss: 0.0073, Correct: 5829, Accuracy: 0.8327
Shadow Model 43/80, Epoch 7/10, Loss: 0.0064, Correct: 5991, Accuracy: 0.8559
Shadow Model 43/80, Epoch 8/10, Loss: 0.0058, Correct: 6100, Accuracy: 0.8714
Shadow Model 43/80, Epoch 9/10, Loss: 0.0058, Correct: 6081, Accuracy: 0.8687
Shadow Model 43/80, Epoch 10/10, Loss: 0.0049, Correct: 6228, Accuracy: 0.8897
Shadow Model 44/80, Epoch 1/10, Loss: 0.0180, Correct: 4055, Accuracy: 0.5793
Shadow Model 44/80, Epoch 2/10, Loss: 0.0140, Correct: 4741, Accuracy: 0.6773
Shadow Model 44/80, Epoch 3/10, Loss: 0.0113, Correct: 5216, Accuracy: 0.7451
Shadow Model 44/80, Epoch 4/10, Loss: 0.0102, Correct: 5367, Accuracy: 0.7667
Shadow Model 44/80, Epoch 5/10, Loss: 0.0088, Correct: 5595, Accuracy: 0.7993
Shadow Model 44/80, Epoch 6/10, Loss: 0.0082, Correct: 5687, Accuracy: 0.8124
Shadow Model 44/80, Epoch 7/10, Loss: 0.0075, Correct: 5817, Accuracy: 0.8310
Shadow Model 44/80, Epoch 8/10, Loss: 0.0066, Correct: 5974, Accuracy: 0.8534
Shadow Model 44/80, Epoch 9/10, Loss: 0.0062, Correct: 5985, Accuracy: 0.8550
Shadow Model 44/80, Epoch 10/10, Loss: 0.0052, Correct: 6210, Accuracy: 0.8871
Shadow Model 45/80, Epoch 1/10, Loss: 0.0174, Correct: 4143, Accuracy: 0.5919
Shadow Model 45/80, Epoch 2/10, Loss: 0.0122, Correct: 4946, Accuracy: 0.7066
Shadow Model 45/80, Epoch 3/10, Loss: 0.0103, Correct: 5384, Accuracy: 0.7691
Shadow Model 45/80, Epoch 4/10, Loss: 0.0083, Correct: 5715, Accuracy: 0.8164
Shadow Model 45/80, Epoch 5/10, Loss: 0.0075, Correct: 5834, Accuracy: 0.8334
Shadow Model 45/80, Epoch 6/10, Loss: 0.0067, Correct: 5946, Accuracy: 0.8494
Shadow Model 45/80, Epoch 7/10, Loss: 0.0058, Correct: 6086, Accuracy: 0.8694
Shadow Model 45/80, Epoch 8/10, Loss: 0.0051, Correct: 6190, Accuracy: 0.8843
Shadow Model 45/80, Epoch 9/10, Loss: 0.0042, Correct: 6382, Accuracy: 0.9117
Shadow Model 45/80, Epoch 10/10, Loss: 0.0045, Correct: 6302, Accuracy: 0.9003
Shadow Model 46/80, Epoch 1/10, Loss: 0.0169, Correct: 4283, Accuracy: 0.6119
Shadow Model 46/80, Epoch 2/10, Loss: 0.0126, Correct: 5007, Accuracy: 0.7153
Shadow Model 46/80, Epoch 3/10, Loss: 0.0105, Correct: 5337, Accuracy: 0.7624
Shadow Model 46/80, Epoch 4/10, Loss: 0.0091, Correct: 5625, Accuracy: 0.8036
Shadow Model 46/80, Epoch 5/10, Loss: 0.0087, Correct: 5670, Accuracy: 0.8100
Shadow Model 46/80, Epoch 6/10, Loss: 0.0076, Correct: 5869, Accuracy: 0.8384
Shadow Model 46/80, Epoch 7/10, Loss: 0.0062, Correct: 6027, Accuracy: 0.8610
Shadow Model 46/80, Epoch 8/10, Loss: 0.0059, Correct: 6097, Accuracy: 0.8710
Shadow Model 46/80, Epoch 9/10, Loss: 0.0049, Correct: 6233, Accuracy: 0.8904
Shadow Model 46/80, Epoch 10/10, Loss: 0.0045, Correct: 6313, Accuracy: 0.9019
Shadow Model 47/80, Epoch 1/10, Loss: 0.0168, Correct: 4279, Accuracy: 0.6113
Shadow Model 47/80, Epoch 2/10, Loss: 0.0130, Correct: 4892, Accuracy: 0.6989
Shadow Model 47/80, Epoch 3/10, Loss: 0.0109, Correct: 5292, Accuracy: 0.7560
Shadow Model 47/80, Epoch 4/10, Loss: 0.0093, Correct: 5553, Accuracy: 0.7933
Shadow Model 47/80, Epoch 5/10, Loss: 0.0082, Correct: 5734, Accuracy: 0.8191
Shadow Model 47/80, Epoch 6/10, Loss: 0.0070, Correct: 5943, Accuracy: 0.8490
Shadow Model 47/80, Epoch 7/10, Loss: 0.0062, Correct: 6026, Accuracy: 0.8609
Shadow Model 47/80, Epoch 8/10, Loss: 0.0059, Correct: 6067, Accuracy: 0.8667
Shadow Model 47/80, Epoch 9/10, Loss: 0.0049, Correct: 6236, Accuracy: 0.8909
Shadow Model 47/80, Epoch 10/10, Loss: 0.0044, Correct: 6319, Accuracy: 0.9027
Shadow Model 48/80, Epoch 1/10, Loss: 0.0175, Correct: 4129, Accuracy: 0.5899
Shadow Model 48/80, Epoch 2/10, Loss: 0.0130, Correct: 4884, Accuracy: 0.6977
Shadow Model 48/80, Epoch 3/10, Loss: 0.0112, Correct: 5233, Accuracy: 0.7476
Shadow Model 48/80, Epoch 4/10, Loss: 0.0092, Correct: 5545, Accuracy: 0.7921
Shadow Model 48/80, Epoch 5/10, Loss: 0.0079, Correct: 5783, Accuracy: 0.8261
Shadow Model 48/80, Epoch 6/10, Loss: 0.0073, Correct: 5895, Accuracy: 0.8421
Shadow Model 48/80, Epoch 7/10, Loss: 0.0062, Correct: 6040, Accuracy: 0.8629
Shadow Model 48/80, Epoch 8/10, Loss: 0.0054, Correct: 6150, Accuracy: 0.8786
Shadow Model 48/80, Epoch 9/10, Loss: 0.0053, Correct: 6126, Accuracy: 0.8751
Shadow Model 48/80, Epoch 10/10, Loss: 0.0046, Correct: 6276, Accuracy: 0.8966
Shadow Model 49/80, Epoch 1/10, Loss: 0.0172, Correct: 4159, Accuracy: 0.5941
Shadow Model 49/80, Epoch 2/10, Loss: 0.0123, Correct: 5039, Accuracy: 0.7199
Shadow Model 49/80, Epoch 3/10, Loss: 0.0102, Correct: 5345, Accuracy: 0.7636
Shadow Model 49/80, Epoch 4/10, Loss: 0.0088, Correct: 5614, Accuracy: 0.8020
Shadow Model 49/80, Epoch 5/10, Loss: 0.0077, Correct: 5828, Accuracy: 0.8326
Shadow Model 49/80, Epoch 6/10, Loss: 0.0066, Correct: 5974, Accuracy: 0.8534
Shadow Model 49/80, Epoch 7/10, Loss: 0.0056, Correct: 6109, Accuracy: 0.8727
Shadow Model 49/80, Epoch 8/10, Loss: 0.0053, Correct: 6164, Accuracy: 0.8806
Shadow Model 49/80, Epoch 9/10, Loss: 0.0042, Correct: 6350, Accuracy: 0.9071
Shadow Model 49/80, Epoch 10/10, Loss: 0.0054, Correct: 6196, Accuracy: 0.8851
Shadow Model 50/80, Epoch 1/10, Loss: 0.0179, Correct: 4052, Accuracy: 0.5789
Shadow Model 50/80, Epoch 2/10, Loss: 0.0130, Correct: 4894, Accuracy: 0.6991
Shadow Model 50/80, Epoch 3/10, Loss: 0.0110, Correct: 5226, Accuracy: 0.7466
Shadow Model 50/80, Epoch 4/10, Loss: 0.0102, Correct: 5383, Accuracy: 0.7690
Shadow Model 50/80, Epoch 5/10, Loss: 0.0086, Correct: 5648, Accuracy: 0.8069
Shadow Model 50/80, Epoch 6/10, Loss: 0.0072, Correct: 5837, Accuracy: 0.8339
Shadow Model 50/80, Epoch 7/10, Loss: 0.0068, Correct: 5920, Accuracy: 0.8457
Shadow Model 50/80, Epoch 8/10, Loss: 0.0063, Correct: 6011, Accuracy: 0.8587
Shadow Model 50/80, Epoch 9/10, Loss: 0.0056, Correct: 6118, Accuracy: 0.8740
Shadow Model 50/80, Epoch 10/10, Loss: 0.0048, Correct: 6246, Accuracy: 0.8923
Shadow Model 51/80, Epoch 1/10, Loss: 0.0176, Correct: 4135, Accuracy: 0.5907
Shadow Model 51/80, Epoch 2/10, Loss: 0.0134, Correct: 4841, Accuracy: 0.6916
Shadow Model 51/80, Epoch 3/10, Loss: 0.0103, Correct: 5345, Accuracy: 0.7636
Shadow Model 51/80, Epoch 4/10, Loss: 0.0088, Correct: 5632, Accuracy: 0.8046
Shadow Model 51/80, Epoch 5/10, Loss: 0.0076, Correct: 5765, Accuracy: 0.8236
Shadow Model 51/80, Epoch 6/10, Loss: 0.0066, Correct: 5982, Accuracy: 0.8546
Shadow Model 51/80, Epoch 7/10, Loss: 0.0056, Correct: 6134, Accuracy: 0.8763
Shadow Model 51/80, Epoch 8/10, Loss: 0.0057, Correct: 6114, Accuracy: 0.8734
Shadow Model 51/80, Epoch 9/10, Loss: 0.0045, Correct: 6288, Accuracy: 0.8983
Shadow Model 51/80, Epoch 10/10, Loss: 0.0041, Correct: 6360, Accuracy: 0.9086
Shadow Model 52/80, Epoch 1/10, Loss: 0.0175, Correct: 4121, Accuracy: 0.5887
Shadow Model 52/80, Epoch 2/10, Loss: 0.0128, Correct: 4973, Accuracy: 0.7104
Shadow Model 52/80, Epoch 3/10, Loss: 0.0107, Correct: 5296, Accuracy: 0.7566
Shadow Model 52/80, Epoch 4/10, Loss: 0.0087, Correct: 5649, Accuracy: 0.8070
Shadow Model 52/80, Epoch 5/10, Loss: 0.0078, Correct: 5816, Accuracy: 0.8309
Shadow Model 52/80, Epoch 6/10, Loss: 0.0064, Correct: 6002, Accuracy: 0.8574
Shadow Model 52/80, Epoch 7/10, Loss: 0.0060, Correct: 6047, Accuracy: 0.8639
Shadow Model 52/80, Epoch 8/10, Loss: 0.0051, Correct: 6173, Accuracy: 0.8819
Shadow Model 52/80, Epoch 9/10, Loss: 0.0048, Correct: 6245, Accuracy: 0.8921
Shadow Model 52/80, Epoch 10/10, Loss: 0.0040, Correct: 6367, Accuracy: 0.9096
Shadow Model 53/80, Epoch 1/10, Loss: 0.0161, Correct: 4464, Accuracy: 0.6377
Shadow Model 53/80, Epoch 2/10, Loss: 0.0116, Correct: 5163, Accuracy: 0.7376
Shadow Model 53/80, Epoch 3/10, Loss: 0.0094, Correct: 5537, Accuracy: 0.7910
Shadow Model 53/80, Epoch 4/10, Loss: 0.0083, Correct: 5703, Accuracy: 0.8147
Shadow Model 53/80, Epoch 5/10, Loss: 0.0077, Correct: 5771, Accuracy: 0.8244
Shadow Model 53/80, Epoch 6/10, Loss: 0.0066, Correct: 5961, Accuracy: 0.8516
Shadow Model 53/80, Epoch 7/10, Loss: 0.0050, Correct: 6220, Accuracy: 0.8886
Shadow Model 53/80, Epoch 8/10, Loss: 0.0047, Correct: 6262, Accuracy: 0.8946
Shadow Model 53/80, Epoch 9/10, Loss: 0.0043, Correct: 6347, Accuracy: 0.9067
Shadow Model 53/80, Epoch 10/10, Loss: 0.0037, Correct: 6461, Accuracy: 0.9230
Shadow Model 54/80, Epoch 1/10, Loss: 0.0179, Correct: 4159, Accuracy: 0.5941
Shadow Model 54/80, Epoch 2/10, Loss: 0.0132, Correct: 4814, Accuracy: 0.6877
Shadow Model 54/80, Epoch 3/10, Loss: 0.0110, Correct: 5234, Accuracy: 0.7477
Shadow Model 54/80, Epoch 4/10, Loss: 0.0094, Correct: 5496, Accuracy: 0.7851
Shadow Model 54/80, Epoch 5/10, Loss: 0.0088, Correct: 5626, Accuracy: 0.8037
Shadow Model 54/80, Epoch 6/10, Loss: 0.0070, Correct: 5917, Accuracy: 0.8453
Shadow Model 54/80, Epoch 7/10, Loss: 0.0063, Correct: 6033, Accuracy: 0.8619
Shadow Model 54/80, Epoch 8/10, Loss: 0.0060, Correct: 6099, Accuracy: 0.8713
Shadow Model 54/80, Epoch 9/10, Loss: 0.0060, Correct: 6090, Accuracy: 0.8700
Shadow Model 54/80, Epoch 10/10, Loss: 0.0047, Correct: 6263, Accuracy: 0.8947
Shadow Model 55/80, Epoch 1/10, Loss: 0.0170, Correct: 4286, Accuracy: 0.6123
Shadow Model 55/80, Epoch 2/10, Loss: 0.0128, Correct: 4988, Accuracy: 0.7126
Shadow Model 55/80, Epoch 3/10, Loss: 0.0105, Correct: 5373, Accuracy: 0.7676
Shadow Model 55/80, Epoch 4/10, Loss: 0.0093, Correct: 5536, Accuracy: 0.7909
Shadow Model 55/80, Epoch 5/10, Loss: 0.0082, Correct: 5742, Accuracy: 0.8203
Shadow Model 55/80, Epoch 6/10, Loss: 0.0069, Correct: 5903, Accuracy: 0.8433
Shadow Model 55/80, Epoch 7/10, Loss: 0.0060, Correct: 6066, Accuracy: 0.8666
Shadow Model 55/80, Epoch 8/10, Loss: 0.0056, Correct: 6130, Accuracy: 0.8757
Shadow Model 55/80, Epoch 9/10, Loss: 0.0052, Correct: 6163, Accuracy: 0.8804
Shadow Model 55/80, Epoch 10/10, Loss: 0.0046, Correct: 6292, Accuracy: 0.8989
Shadow Model 56/80, Epoch 1/10, Loss: 0.0179, Correct: 4110, Accuracy: 0.5871
Shadow Model 56/80, Epoch 2/10, Loss: 0.0121, Correct: 5059, Accuracy: 0.7227
Shadow Model 56/80, Epoch 3/10, Loss: 0.0101, Correct: 5422, Accuracy: 0.7746
Shadow Model 56/80, Epoch 4/10, Loss: 0.0091, Correct: 5580, Accuracy: 0.7971
Shadow Model 56/80, Epoch 5/10, Loss: 0.0074, Correct: 5803, Accuracy: 0.8290
Shadow Model 56/80, Epoch 6/10, Loss: 0.0069, Correct: 5937, Accuracy: 0.8481
Shadow Model 56/80, Epoch 7/10, Loss: 0.0060, Correct: 6027, Accuracy: 0.8610
Shadow Model 56/80, Epoch 8/10, Loss: 0.0058, Correct: 6062, Accuracy: 0.8660
Shadow Model 56/80, Epoch 9/10, Loss: 0.0049, Correct: 6240, Accuracy: 0.8914
Shadow Model 56/80, Epoch 10/10, Loss: 0.0038, Correct: 6393, Accuracy: 0.9133
Shadow Model 57/80, Epoch 1/10, Loss: 0.0169, Correct: 4230, Accuracy: 0.6043
Shadow Model 57/80, Epoch 2/10, Loss: 0.0126, Correct: 4972, Accuracy: 0.7103
Shadow Model 57/80, Epoch 3/10, Loss: 0.0104, Correct: 5343, Accuracy: 0.7633
Shadow Model 57/80, Epoch 4/10, Loss: 0.0087, Correct: 5623, Accuracy: 0.8033
Shadow Model 57/80, Epoch 5/10, Loss: 0.0078, Correct: 5778, Accuracy: 0.8254
Shadow Model 57/80, Epoch 6/10, Loss: 0.0074, Correct: 5856, Accuracy: 0.8366
Shadow Model 57/80, Epoch 7/10, Loss: 0.0060, Correct: 6071, Accuracy: 0.8673
Shadow Model 57/80, Epoch 8/10, Loss: 0.0057, Correct: 6088, Accuracy: 0.8697
Shadow Model 57/80, Epoch 9/10, Loss: 0.0050, Correct: 6220, Accuracy: 0.8886
Shadow Model 57/80, Epoch 10/10, Loss: 0.0040, Correct: 6357, Accuracy: 0.9081
Shadow Model 58/80, Epoch 1/10, Loss: 0.0170, Correct: 4212, Accuracy: 0.6017
Shadow Model 58/80, Epoch 2/10, Loss: 0.0128, Correct: 4956, Accuracy: 0.7080
Shadow Model 58/80, Epoch 3/10, Loss: 0.0107, Correct: 5296, Accuracy: 0.7566
Shadow Model 58/80, Epoch 4/10, Loss: 0.0085, Correct: 5672, Accuracy: 0.8103
Shadow Model 58/80, Epoch 5/10, Loss: 0.0077, Correct: 5770, Accuracy: 0.8243
Shadow Model 58/80, Epoch 6/10, Loss: 0.0068, Correct: 5937, Accuracy: 0.8481
Shadow Model 58/80, Epoch 7/10, Loss: 0.0057, Correct: 6079, Accuracy: 0.8684
Shadow Model 58/80, Epoch 8/10, Loss: 0.0054, Correct: 6126, Accuracy: 0.8751
Shadow Model 58/80, Epoch 9/10, Loss: 0.0047, Correct: 6234, Accuracy: 0.8906
Shadow Model 58/80, Epoch 10/10, Loss: 0.0041, Correct: 6396, Accuracy: 0.9137
Shadow Model 59/80, Epoch 1/10, Loss: 0.0171, Correct: 4214, Accuracy: 0.6020
Shadow Model 59/80, Epoch 2/10, Loss: 0.0128, Correct: 4902, Accuracy: 0.7003
Shadow Model 59/80, Epoch 3/10, Loss: 0.0110, Correct: 5266, Accuracy: 0.7523
Shadow Model 59/80, Epoch 4/10, Loss: 0.0095, Correct: 5471, Accuracy: 0.7816
Shadow Model 59/80, Epoch 5/10, Loss: 0.0085, Correct: 5685, Accuracy: 0.8121
Shadow Model 59/80, Epoch 6/10, Loss: 0.0074, Correct: 5855, Accuracy: 0.8364
Shadow Model 59/80, Epoch 7/10, Loss: 0.0074, Correct: 5847, Accuracy: 0.8353
Shadow Model 59/80, Epoch 8/10, Loss: 0.0060, Correct: 6072, Accuracy: 0.8674
Shadow Model 59/80, Epoch 9/10, Loss: 0.0053, Correct: 6182, Accuracy: 0.8831
Shadow Model 59/80, Epoch 10/10, Loss: 0.0047, Correct: 6268, Accuracy: 0.8954
Shadow Model 60/80, Epoch 1/10, Loss: 0.0174, Correct: 4158, Accuracy: 0.5940
Shadow Model 60/80, Epoch 2/10, Loss: 0.0126, Correct: 4968, Accuracy: 0.7097
Shadow Model 60/80, Epoch 3/10, Loss: 0.0112, Correct: 5198, Accuracy: 0.7426
Shadow Model 60/80, Epoch 4/10, Loss: 0.0095, Correct: 5490, Accuracy: 0.7843
Shadow Model 60/80, Epoch 5/10, Loss: 0.0080, Correct: 5745, Accuracy: 0.8207
Shadow Model 60/80, Epoch 6/10, Loss: 0.0076, Correct: 5792, Accuracy: 0.8274
Shadow Model 60/80, Epoch 7/10, Loss: 0.0067, Correct: 5948, Accuracy: 0.8497
Shadow Model 60/80, Epoch 8/10, Loss: 0.0060, Correct: 6042, Accuracy: 0.8631
Shadow Model 60/80, Epoch 9/10, Loss: 0.0054, Correct: 6144, Accuracy: 0.8777
Shadow Model 60/80, Epoch 10/10, Loss: 0.0051, Correct: 6213, Accuracy: 0.8876
Shadow Model 61/80, Epoch 1/10, Loss: 0.0171, Correct: 4182, Accuracy: 0.5974
Shadow Model 61/80, Epoch 2/10, Loss: 0.0121, Correct: 5089, Accuracy: 0.7270
Shadow Model 61/80, Epoch 3/10, Loss: 0.0099, Correct: 5394, Accuracy: 0.7706
Shadow Model 61/80, Epoch 4/10, Loss: 0.0089, Correct: 5598, Accuracy: 0.7997
Shadow Model 61/80, Epoch 5/10, Loss: 0.0077, Correct: 5761, Accuracy: 0.8230
Shadow Model 61/80, Epoch 6/10, Loss: 0.0064, Correct: 6001, Accuracy: 0.8573
Shadow Model 61/80, Epoch 7/10, Loss: 0.0059, Correct: 6064, Accuracy: 0.8663
Shadow Model 61/80, Epoch 8/10, Loss: 0.0058, Correct: 6073, Accuracy: 0.8676
Shadow Model 61/80, Epoch 9/10, Loss: 0.0045, Correct: 6285, Accuracy: 0.8979
Shadow Model 61/80, Epoch 10/10, Loss: 0.0040, Correct: 6379, Accuracy: 0.9113
Shadow Model 62/80, Epoch 1/10, Loss: 0.0174, Correct: 4172, Accuracy: 0.5960
Shadow Model 62/80, Epoch 2/10, Loss: 0.0125, Correct: 4930, Accuracy: 0.7043
Shadow Model 62/80, Epoch 3/10, Loss: 0.0107, Correct: 5254, Accuracy: 0.7506
Shadow Model 62/80, Epoch 4/10, Loss: 0.0089, Correct: 5547, Accuracy: 0.7924
Shadow Model 62/80, Epoch 5/10, Loss: 0.0084, Correct: 5717, Accuracy: 0.8167
Shadow Model 62/80, Epoch 6/10, Loss: 0.0069, Correct: 5901, Accuracy: 0.8430
Shadow Model 62/80, Epoch 7/10, Loss: 0.0063, Correct: 5994, Accuracy: 0.8563
Shadow Model 62/80, Epoch 8/10, Loss: 0.0052, Correct: 6157, Accuracy: 0.8796
Shadow Model 62/80, Epoch 9/10, Loss: 0.0058, Correct: 6109, Accuracy: 0.8727
Shadow Model 62/80, Epoch 10/10, Loss: 0.0047, Correct: 6248, Accuracy: 0.8926
Shadow Model 63/80, Epoch 1/10, Loss: 0.0169, Correct: 4259, Accuracy: 0.6084
Shadow Model 63/80, Epoch 2/10, Loss: 0.0131, Correct: 4916, Accuracy: 0.7023
Shadow Model 63/80, Epoch 3/10, Loss: 0.0112, Correct: 5247, Accuracy: 0.7496
Shadow Model 63/80, Epoch 4/10, Loss: 0.0095, Correct: 5491, Accuracy: 0.7844
Shadow Model 63/80, Epoch 5/10, Loss: 0.0080, Correct: 5781, Accuracy: 0.8259
Shadow Model 63/80, Epoch 6/10, Loss: 0.0075, Correct: 5842, Accuracy: 0.8346
Shadow Model 63/80, Epoch 7/10, Loss: 0.0065, Correct: 5976, Accuracy: 0.8537
Shadow Model 63/80, Epoch 8/10, Loss: 0.0059, Correct: 6070, Accuracy: 0.8671
Shadow Model 63/80, Epoch 9/10, Loss: 0.0058, Correct: 6100, Accuracy: 0.8714
Shadow Model 63/80, Epoch 10/10, Loss: 0.0047, Correct: 6256, Accuracy: 0.8937
Shadow Model 64/80, Epoch 1/10, Loss: 0.0173, Correct: 4184, Accuracy: 0.5977
Shadow Model 64/80, Epoch 2/10, Loss: 0.0122, Correct: 5019, Accuracy: 0.7170
Shadow Model 64/80, Epoch 3/10, Loss: 0.0109, Correct: 5253, Accuracy: 0.7504
Shadow Model 64/80, Epoch 4/10, Loss: 0.0092, Correct: 5525, Accuracy: 0.7893
Shadow Model 64/80, Epoch 5/10, Loss: 0.0080, Correct: 5740, Accuracy: 0.8200
Shadow Model 64/80, Epoch 6/10, Loss: 0.0068, Correct: 5942, Accuracy: 0.8489
Shadow Model 64/80, Epoch 7/10, Loss: 0.0065, Correct: 5953, Accuracy: 0.8504
Shadow Model 64/80, Epoch 8/10, Loss: 0.0057, Correct: 6080, Accuracy: 0.8686
Shadow Model 64/80, Epoch 9/10, Loss: 0.0050, Correct: 6192, Accuracy: 0.8846
Shadow Model 64/80, Epoch 10/10, Loss: 0.0049, Correct: 6251, Accuracy: 0.8930
Shadow Model 65/80, Epoch 1/10, Loss: 0.0170, Correct: 4300, Accuracy: 0.6143
Shadow Model 65/80, Epoch 2/10, Loss: 0.0124, Correct: 5032, Accuracy: 0.7189
Shadow Model 65/80, Epoch 3/10, Loss: 0.0105, Correct: 5331, Accuracy: 0.7616
Shadow Model 65/80, Epoch 4/10, Loss: 0.0089, Correct: 5593, Accuracy: 0.7990
Shadow Model 65/80, Epoch 5/10, Loss: 0.0078, Correct: 5767, Accuracy: 0.8239
Shadow Model 65/80, Epoch 6/10, Loss: 0.0069, Correct: 5918, Accuracy: 0.8454
Shadow Model 65/80, Epoch 7/10, Loss: 0.0060, Correct: 6051, Accuracy: 0.8644
Shadow Model 65/80, Epoch 8/10, Loss: 0.0056, Correct: 6104, Accuracy: 0.8720
Shadow Model 65/80, Epoch 9/10, Loss: 0.0052, Correct: 6186, Accuracy: 0.8837
Shadow Model 65/80, Epoch 10/10, Loss: 0.0046, Correct: 6272, Accuracy: 0.8960
Shadow Model 66/80, Epoch 1/10, Loss: 0.0178, Correct: 4078, Accuracy: 0.5826
Shadow Model 66/80, Epoch 2/10, Loss: 0.0130, Correct: 4947, Accuracy: 0.7067
Shadow Model 66/80, Epoch 3/10, Loss: 0.0113, Correct: 5253, Accuracy: 0.7504
Shadow Model 66/80, Epoch 4/10, Loss: 0.0094, Correct: 5537, Accuracy: 0.7910
Shadow Model 66/80, Epoch 5/10, Loss: 0.0084, Correct: 5663, Accuracy: 0.8090
Shadow Model 66/80, Epoch 6/10, Loss: 0.0071, Correct: 5869, Accuracy: 0.8384
Shadow Model 66/80, Epoch 7/10, Loss: 0.0063, Correct: 6002, Accuracy: 0.8574
Shadow Model 66/80, Epoch 8/10, Loss: 0.0063, Correct: 5980, Accuracy: 0.8543
Shadow Model 66/80, Epoch 9/10, Loss: 0.0050, Correct: 6188, Accuracy: 0.8840
Shadow Model 66/80, Epoch 10/10, Loss: 0.0045, Correct: 6302, Accuracy: 0.9003
Shadow Model 67/80, Epoch 1/10, Loss: 0.0172, Correct: 4201, Accuracy: 0.6001
Shadow Model 67/80, Epoch 2/10, Loss: 0.0120, Correct: 5046, Accuracy: 0.7209
Shadow Model 67/80, Epoch 3/10, Loss: 0.0111, Correct: 5236, Accuracy: 0.7480
Shadow Model 67/80, Epoch 4/10, Loss: 0.0087, Correct: 5613, Accuracy: 0.8019
Shadow Model 67/80, Epoch 5/10, Loss: 0.0079, Correct: 5756, Accuracy: 0.8223
Shadow Model 67/80, Epoch 6/10, Loss: 0.0068, Correct: 5961, Accuracy: 0.8516
Shadow Model 67/80, Epoch 7/10, Loss: 0.0064, Correct: 5990, Accuracy: 0.8557
Shadow Model 67/80, Epoch 8/10, Loss: 0.0058, Correct: 6080, Accuracy: 0.8686
Shadow Model 67/80, Epoch 9/10, Loss: 0.0053, Correct: 6139, Accuracy: 0.8770
Shadow Model 67/80, Epoch 10/10, Loss: 0.0043, Correct: 6301, Accuracy: 0.9001
Shadow Model 68/80, Epoch 1/10, Loss: 0.0179, Correct: 4149, Accuracy: 0.5927
Shadow Model 68/80, Epoch 2/10, Loss: 0.0138, Correct: 4803, Accuracy: 0.6861
Shadow Model 68/80, Epoch 3/10, Loss: 0.0115, Correct: 5173, Accuracy: 0.7390
Shadow Model 68/80, Epoch 4/10, Loss: 0.0098, Correct: 5439, Accuracy: 0.7770
Shadow Model 68/80, Epoch 5/10, Loss: 0.0081, Correct: 5733, Accuracy: 0.8190
Shadow Model 68/80, Epoch 6/10, Loss: 0.0075, Correct: 5823, Accuracy: 0.8319
Shadow Model 68/80, Epoch 7/10, Loss: 0.0063, Correct: 5974, Accuracy: 0.8534
Shadow Model 68/80, Epoch 8/10, Loss: 0.0061, Correct: 6042, Accuracy: 0.8631
Shadow Model 68/80, Epoch 9/10, Loss: 0.0054, Correct: 6170, Accuracy: 0.8814
Shadow Model 68/80, Epoch 10/10, Loss: 0.0052, Correct: 6186, Accuracy: 0.8837
Shadow Model 69/80, Epoch 1/10, Loss: 0.0175, Correct: 4186, Accuracy: 0.5980
Shadow Model 69/80, Epoch 2/10, Loss: 0.0128, Correct: 4918, Accuracy: 0.7026
Shadow Model 69/80, Epoch 3/10, Loss: 0.0107, Correct: 5333, Accuracy: 0.7619
Shadow Model 69/80, Epoch 4/10, Loss: 0.0092, Correct: 5550, Accuracy: 0.7929
Shadow Model 69/80, Epoch 5/10, Loss: 0.0087, Correct: 5650, Accuracy: 0.8071
Shadow Model 69/80, Epoch 6/10, Loss: 0.0073, Correct: 5876, Accuracy: 0.8394
Shadow Model 69/80, Epoch 7/10, Loss: 0.0067, Correct: 5964, Accuracy: 0.8520
Shadow Model 69/80, Epoch 8/10, Loss: 0.0058, Correct: 6104, Accuracy: 0.8720
Shadow Model 69/80, Epoch 9/10, Loss: 0.0055, Correct: 6147, Accuracy: 0.8781
Shadow Model 69/80, Epoch 10/10, Loss: 0.0043, Correct: 6306, Accuracy: 0.9009
Shadow Model 70/80, Epoch 1/10, Loss: 0.0175, Correct: 4160, Accuracy: 0.5943
Shadow Model 70/80, Epoch 2/10, Loss: 0.0136, Correct: 4842, Accuracy: 0.6917
Shadow Model 70/80, Epoch 3/10, Loss: 0.0115, Correct: 5182, Accuracy: 0.7403
Shadow Model 70/80, Epoch 4/10, Loss: 0.0098, Correct: 5419, Accuracy: 0.7741
Shadow Model 70/80, Epoch 5/10, Loss: 0.0090, Correct: 5582, Accuracy: 0.7974
Shadow Model 70/80, Epoch 6/10, Loss: 0.0077, Correct: 5797, Accuracy: 0.8281
Shadow Model 70/80, Epoch 7/10, Loss: 0.0073, Correct: 5878, Accuracy: 0.8397
Shadow Model 70/80, Epoch 8/10, Loss: 0.0062, Correct: 5991, Accuracy: 0.8559
Shadow Model 70/80, Epoch 9/10, Loss: 0.0053, Correct: 6154, Accuracy: 0.8791
Shadow Model 70/80, Epoch 10/10, Loss: 0.0050, Correct: 6253, Accuracy: 0.8933
Shadow Model 71/80, Epoch 1/10, Loss: 0.0175, Correct: 4142, Accuracy: 0.5917
Shadow Model 71/80, Epoch 2/10, Loss: 0.0130, Correct: 4879, Accuracy: 0.6970
Shadow Model 71/80, Epoch 3/10, Loss: 0.0106, Correct: 5330, Accuracy: 0.7614
Shadow Model 71/80, Epoch 4/10, Loss: 0.0094, Correct: 5496, Accuracy: 0.7851
Shadow Model 71/80, Epoch 5/10, Loss: 0.0078, Correct: 5765, Accuracy: 0.8236
Shadow Model 71/80, Epoch 6/10, Loss: 0.0072, Correct: 5844, Accuracy: 0.8349
Shadow Model 71/80, Epoch 7/10, Loss: 0.0064, Correct: 6024, Accuracy: 0.8606
Shadow Model 71/80, Epoch 8/10, Loss: 0.0057, Correct: 6088, Accuracy: 0.8697
Shadow Model 71/80, Epoch 9/10, Loss: 0.0050, Correct: 6192, Accuracy: 0.8846
Shadow Model 71/80, Epoch 10/10, Loss: 0.0048, Correct: 6256, Accuracy: 0.8937
Shadow Model 72/80, Epoch 1/10, Loss: 0.0175, Correct: 4158, Accuracy: 0.5940
Shadow Model 72/80, Epoch 2/10, Loss: 0.0129, Correct: 4938, Accuracy: 0.7054
Shadow Model 72/80, Epoch 3/10, Loss: 0.0108, Correct: 5287, Accuracy: 0.7553
Shadow Model 72/80, Epoch 4/10, Loss: 0.0087, Correct: 5635, Accuracy: 0.8050
Shadow Model 72/80, Epoch 5/10, Loss: 0.0088, Correct: 5634, Accuracy: 0.8049
Shadow Model 72/80, Epoch 6/10, Loss: 0.0074, Correct: 5859, Accuracy: 0.8370
Shadow Model 72/80, Epoch 7/10, Loss: 0.0064, Correct: 5993, Accuracy: 0.8561
Shadow Model 72/80, Epoch 8/10, Loss: 0.0055, Correct: 6126, Accuracy: 0.8751
Shadow Model 72/80, Epoch 9/10, Loss: 0.0052, Correct: 6198, Accuracy: 0.8854
Shadow Model 72/80, Epoch 10/10, Loss: 0.0043, Correct: 6332, Accuracy: 0.9046
Shadow Model 73/80, Epoch 1/10, Loss: 0.0175, Correct: 4176, Accuracy: 0.5966
Shadow Model 73/80, Epoch 2/10, Loss: 0.0135, Correct: 4785, Accuracy: 0.6836
Shadow Model 73/80, Epoch 3/10, Loss: 0.0105, Correct: 5362, Accuracy: 0.7660
Shadow Model 73/80, Epoch 4/10, Loss: 0.0092, Correct: 5514, Accuracy: 0.7877
Shadow Model 73/80, Epoch 5/10, Loss: 0.0081, Correct: 5723, Accuracy: 0.8176
Shadow Model 73/80, Epoch 6/10, Loss: 0.0069, Correct: 5869, Accuracy: 0.8384
Shadow Model 73/80, Epoch 7/10, Loss: 0.0066, Correct: 5958, Accuracy: 0.8511
Shadow Model 73/80, Epoch 8/10, Loss: 0.0059, Correct: 6112, Accuracy: 0.8731
Shadow Model 73/80, Epoch 9/10, Loss: 0.0049, Correct: 6226, Accuracy: 0.8894
Shadow Model 73/80, Epoch 10/10, Loss: 0.0044, Correct: 6340, Accuracy: 0.9057
Shadow Model 74/80, Epoch 1/10, Loss: 0.0178, Correct: 4075, Accuracy: 0.5821
Shadow Model 74/80, Epoch 2/10, Loss: 0.0131, Correct: 4900, Accuracy: 0.7000
Shadow Model 74/80, Epoch 3/10, Loss: 0.0103, Correct: 5381, Accuracy: 0.7687
Shadow Model 74/80, Epoch 4/10, Loss: 0.0090, Correct: 5596, Accuracy: 0.7994
Shadow Model 74/80, Epoch 5/10, Loss: 0.0081, Correct: 5735, Accuracy: 0.8193
Shadow Model 74/80, Epoch 6/10, Loss: 0.0067, Correct: 5945, Accuracy: 0.8493
Shadow Model 74/80, Epoch 7/10, Loss: 0.0067, Correct: 5955, Accuracy: 0.8507
Shadow Model 74/80, Epoch 8/10, Loss: 0.0055, Correct: 6138, Accuracy: 0.8769
Shadow Model 74/80, Epoch 9/10, Loss: 0.0054, Correct: 6126, Accuracy: 0.8751
Shadow Model 74/80, Epoch 10/10, Loss: 0.0049, Correct: 6228, Accuracy: 0.8897
Shadow Model 75/80, Epoch 1/10, Loss: 0.0179, Correct: 4061, Accuracy: 0.5801
Shadow Model 75/80, Epoch 2/10, Loss: 0.0129, Correct: 4875, Accuracy: 0.6964
Shadow Model 75/80, Epoch 3/10, Loss: 0.0104, Correct: 5354, Accuracy: 0.7649
Shadow Model 75/80, Epoch 4/10, Loss: 0.0087, Correct: 5623, Accuracy: 0.8033
Shadow Model 75/80, Epoch 5/10, Loss: 0.0080, Correct: 5777, Accuracy: 0.8253
Shadow Model 75/80, Epoch 6/10, Loss: 0.0067, Correct: 5961, Accuracy: 0.8516
Shadow Model 75/80, Epoch 7/10, Loss: 0.0060, Correct: 6052, Accuracy: 0.8646
Shadow Model 75/80, Epoch 8/10, Loss: 0.0053, Correct: 6161, Accuracy: 0.8801
Shadow Model 75/80, Epoch 9/10, Loss: 0.0044, Correct: 6295, Accuracy: 0.8993
Shadow Model 75/80, Epoch 10/10, Loss: 0.0043, Correct: 6380, Accuracy: 0.9114
Shadow Model 76/80, Epoch 1/10, Loss: 0.0171, Correct: 4264, Accuracy: 0.6091
Shadow Model 76/80, Epoch 2/10, Loss: 0.0127, Correct: 4884, Accuracy: 0.6977
Shadow Model 76/80, Epoch 3/10, Loss: 0.0106, Correct: 5315, Accuracy: 0.7593
Shadow Model 76/80, Epoch 4/10, Loss: 0.0088, Correct: 5619, Accuracy: 0.8027
Shadow Model 76/80, Epoch 5/10, Loss: 0.0086, Correct: 5665, Accuracy: 0.8093
Shadow Model 76/80, Epoch 6/10, Loss: 0.0079, Correct: 5801, Accuracy: 0.8287
Shadow Model 76/80, Epoch 7/10, Loss: 0.0063, Correct: 5999, Accuracy: 0.8570
Shadow Model 76/80, Epoch 8/10, Loss: 0.0058, Correct: 6093, Accuracy: 0.8704
Shadow Model 76/80, Epoch 9/10, Loss: 0.0061, Correct: 6043, Accuracy: 0.8633
Shadow Model 76/80, Epoch 10/10, Loss: 0.0053, Correct: 6157, Accuracy: 0.8796
Shadow Model 77/80, Epoch 1/10, Loss: 0.0178, Correct: 4095, Accuracy: 0.5850
Shadow Model 77/80, Epoch 2/10, Loss: 0.0130, Correct: 4893, Accuracy: 0.6990
Shadow Model 77/80, Epoch 3/10, Loss: 0.0114, Correct: 5171, Accuracy: 0.7387
Shadow Model 77/80, Epoch 4/10, Loss: 0.0098, Correct: 5454, Accuracy: 0.7791
Shadow Model 77/80, Epoch 5/10, Loss: 0.0088, Correct: 5589, Accuracy: 0.7984
Shadow Model 77/80, Epoch 6/10, Loss: 0.0075, Correct: 5805, Accuracy: 0.8293
Shadow Model 77/80, Epoch 7/10, Loss: 0.0071, Correct: 5862, Accuracy: 0.8374
Shadow Model 77/80, Epoch 8/10, Loss: 0.0062, Correct: 6047, Accuracy: 0.8639
Shadow Model 77/80, Epoch 9/10, Loss: 0.0051, Correct: 6190, Accuracy: 0.8843
Shadow Model 77/80, Epoch 10/10, Loss: 0.0054, Correct: 6172, Accuracy: 0.8817
Shadow Model 78/80, Epoch 1/10, Loss: 0.0169, Correct: 4237, Accuracy: 0.6053
Shadow Model 78/80, Epoch 2/10, Loss: 0.0125, Correct: 5020, Accuracy: 0.7171
Shadow Model 78/80, Epoch 3/10, Loss: 0.0106, Correct: 5334, Accuracy: 0.7620
Shadow Model 78/80, Epoch 4/10, Loss: 0.0096, Correct: 5557, Accuracy: 0.7939
Shadow Model 78/80, Epoch 5/10, Loss: 0.0080, Correct: 5710, Accuracy: 0.8157
Shadow Model 78/80, Epoch 6/10, Loss: 0.0071, Correct: 5914, Accuracy: 0.8449
Shadow Model 78/80, Epoch 7/10, Loss: 0.0066, Correct: 5964, Accuracy: 0.8520
Shadow Model 78/80, Epoch 8/10, Loss: 0.0064, Correct: 6045, Accuracy: 0.8636
Shadow Model 78/80, Epoch 9/10, Loss: 0.0062, Correct: 6089, Accuracy: 0.8699
Shadow Model 78/80, Epoch 10/10, Loss: 0.0049, Correct: 6247, Accuracy: 0.8924
Shadow Model 79/80, Epoch 1/10, Loss: 0.0179, Correct: 4092, Accuracy: 0.5846
Shadow Model 79/80, Epoch 2/10, Loss: 0.0129, Correct: 4905, Accuracy: 0.7007
Shadow Model 79/80, Epoch 3/10, Loss: 0.0114, Correct: 5197, Accuracy: 0.7424
Shadow Model 79/80, Epoch 4/10, Loss: 0.0092, Correct: 5522, Accuracy: 0.7889
Shadow Model 79/80, Epoch 5/10, Loss: 0.0080, Correct: 5750, Accuracy: 0.8214
Shadow Model 79/80, Epoch 6/10, Loss: 0.0073, Correct: 5883, Accuracy: 0.8404
Shadow Model 79/80, Epoch 7/10, Loss: 0.0067, Correct: 5968, Accuracy: 0.8526
Shadow Model 79/80, Epoch 8/10, Loss: 0.0063, Correct: 6041, Accuracy: 0.8630
Shadow Model 79/80, Epoch 9/10, Loss: 0.0052, Correct: 6194, Accuracy: 0.8849
Shadow Model 79/80, Epoch 10/10, Loss: 0.0045, Correct: 6306, Accuracy: 0.9009
Shadow Model 80/80, Epoch 1/10, Loss: 0.0178, Correct: 4075, Accuracy: 0.5821
Shadow Model 80/80, Epoch 2/10, Loss: 0.0135, Correct: 4825, Accuracy: 0.6893
Shadow Model 80/80, Epoch 3/10, Loss: 0.0109, Correct: 5250, Accuracy: 0.7500
Shadow Model 80/80, Epoch 4/10, Loss: 0.0092, Correct: 5507, Accuracy: 0.7867
Shadow Model 80/80, Epoch 5/10, Loss: 0.0079, Correct: 5768, Accuracy: 0.8240
Shadow Model 80/80, Epoch 6/10, Loss: 0.0078, Correct: 5795, Accuracy: 0.8279
Shadow Model 80/80, Epoch 7/10, Loss: 0.0071, Correct: 5909, Accuracy: 0.8441
Shadow Model 80/80, Epoch 8/10, Loss: 0.0062, Correct: 6028, Accuracy: 0.8611
Shadow Model 80/80, Epoch 9/10, Loss: 0.0050, Correct: 6212, Accuracy: 0.8874
Shadow Model 80/80, Epoch 10/10, Loss: 0.0043, Correct: 6323, Accuracy: 0.9033

--- Attack Dataset ---
(1120000, 9) (1120000,)

--- Training Attack Model ---
Attack model training accuracy: 0.9476
TPR @ 5% FPR: 0.9930
Loading model...

--- Predicting Membership ---
Saved: /scratch/bjoshi/TML/submission.csv
Successfully submitted.
Server response: {'submission_id': 890, 'status': 'success', 'message': 'Submission evaluated successfully! Check the leaderboard to see your score.'}
Submission ID: 890
